21:31:27.278792873
/sys/kernel/oob_dedup/files_queued:0
/sys/kernel/oob_dedup/pages_deduped:0
/sys/kernel/oob_dedup/pages_scanned:0
/sys/kernel/oob_dedup/sleep_millisecs:20
---
21:31:27.392611427
/sys/kernel/oob_dedup/files_queued:0
/sys/kernel/oob_dedup/pages_deduped:0
/sys/kernel/oob_dedup/pages_scanned:0
/sys/kernel/oob_dedup/sleep_millisecs:20
---
21:31:27.504456281
/sys/kernel/oob_dedup/files_queued:0
/sys/kernel/oob_dedup/pages_deduped:0
/sys/kernel/oob_dedup/pages_scanned:0
/sys/kernel/oob_dedup/sleep_millisecs:20
---
21:31:27.615797751
/sys/kernel/oob_dedup/files_queued:0
/sys/kernel/oob_dedup/pages_deduped:0
/sys/kernel/oob_dedup/pages_scanned:0
/sys/kernel/oob_dedup/sleep_millisecs:20
---
21:31:27.727533085
/sys/kernel/oob_dedup/files_queued:0
/sys/kernel/oob_dedup/pages_deduped:0
/sys/kernel/oob_dedup/pages_scanned:0
/sys/kernel/oob_dedup/sleep_millisecs:20
---
21:31:27.839712507
/sys/kernel/oob_dedup/files_queued:0
/sys/kernel/oob_dedup/pages_deduped:0
/sys/kernel/oob_dedup/pages_scanned:0
/sys/kernel/oob_dedup/sleep_millisecs:20
---
21:31:27.950976373
/sys/kernel/oob_dedup/files_queued:0
/sys/kernel/oob_dedup/pages_deduped:0
/sys/kernel/oob_dedup/pages_scanned:0
/sys/kernel/oob_dedup/sleep_millisecs:20
---
21:31:28.062885374
/sys/kernel/oob_dedup/files_queued:0
/sys/kernel/oob_dedup/pages_deduped:0
/sys/kernel/oob_dedup/pages_scanned:0
/sys/kernel/oob_dedup/sleep_millisecs:20
---
21:31:28.174736774
/sys/kernel/oob_dedup/files_queued:0
/sys/kernel/oob_dedup/pages_deduped:0
/sys/kernel/oob_dedup/pages_scanned:0
/sys/kernel/oob_dedup/sleep_millisecs:20
---
21:31:28.286724879
/sys/kernel/oob_dedup/files_queued:0
/sys/kernel/oob_dedup/pages_deduped:0
/sys/kernel/oob_dedup/pages_scanned:0
/sys/kernel/oob_dedup/sleep_millisecs:20
---
21:31:28.399894225
/sys/kernel/oob_dedup/files_queued:0
/sys/kernel/oob_dedup/pages_deduped:0
/sys/kernel/oob_dedup/pages_scanned:0
/sys/kernel/oob_dedup/sleep_millisecs:20
---
21:31:28.512357860
/sys/kernel/oob_dedup/files_queued:0
/sys/kernel/oob_dedup/pages_deduped:0
/sys/kernel/oob_dedup/pages_scanned:0
/sys/kernel/oob_dedup/sleep_millisecs:20
---
21:31:28.623981505
/sys/kernel/oob_dedup/files_queued:0
/sys/kernel/oob_dedup/pages_deduped:0
/sys/kernel/oob_dedup/pages_scanned:0
/sys/kernel/oob_dedup/sleep_millisecs:20
---
21:31:28.735540970
/sys/kernel/oob_dedup/files_queued:0
/sys/kernel/oob_dedup/pages_deduped:0
/sys/kernel/oob_dedup/pages_scanned:0
/sys/kernel/oob_dedup/sleep_millisecs:20
---
21:31:28.847390237
/sys/kernel/oob_dedup/files_queued:0
/sys/kernel/oob_dedup/pages_deduped:0
/sys/kernel/oob_dedup/pages_scanned:0
/sys/kernel/oob_dedup/sleep_millisecs:20
---
21:31:28.959551776
/sys/kernel/oob_dedup/files_queued:0
/sys/kernel/oob_dedup/pages_deduped:0
/sys/kernel/oob_dedup/pages_scanned:0
/sys/kernel/oob_dedup/sleep_millisecs:20
---
21:31:29.071173349
/sys/kernel/oob_dedup/files_queued:0
/sys/kernel/oob_dedup/pages_deduped:0
/sys/kernel/oob_dedup/pages_scanned:0
/sys/kernel/oob_dedup/sleep_millisecs:20
---
21:31:29.182843764
/sys/kernel/oob_dedup/files_queued:0
/sys/kernel/oob_dedup/pages_deduped:0
/sys/kernel/oob_dedup/pages_scanned:0
/sys/kernel/oob_dedup/sleep_millisecs:20
---
21:31:29.294989206
/sys/kernel/oob_dedup/files_queued:0
/sys/kernel/oob_dedup/pages_deduped:0
/sys/kernel/oob_dedup/pages_scanned:0
/sys/kernel/oob_dedup/sleep_millisecs:20
---
21:31:29.407123950
/sys/kernel/oob_dedup/files_queued:0
/sys/kernel/oob_dedup/pages_deduped:0
/sys/kernel/oob_dedup/pages_scanned:0
/sys/kernel/oob_dedup/sleep_millisecs:20
---
21:31:29.518920093
/sys/kernel/oob_dedup/files_queued:0
/sys/kernel/oob_dedup/pages_deduped:0
/sys/kernel/oob_dedup/pages_scanned:0
/sys/kernel/oob_dedup/sleep_millisecs:20
---
21:31:29.630597411
/sys/kernel/oob_dedup/files_queued:0
/sys/kernel/oob_dedup/pages_deduped:0
/sys/kernel/oob_dedup/pages_scanned:0
/sys/kernel/oob_dedup/sleep_millisecs:20
---
21:31:29.742069990
/sys/kernel/oob_dedup/files_queued:0
/sys/kernel/oob_dedup/pages_deduped:0
/sys/kernel/oob_dedup/pages_scanned:0
/sys/kernel/oob_dedup/sleep_millisecs:20
---
21:31:29.856162977
/sys/kernel/oob_dedup/files_queued:0
/sys/kernel/oob_dedup/pages_deduped:0
/sys/kernel/oob_dedup/pages_scanned:0
/sys/kernel/oob_dedup/sleep_millisecs:20
---
21:31:29.967909863
/sys/kernel/oob_dedup/files_queued:0
/sys/kernel/oob_dedup/pages_deduped:0
/sys/kernel/oob_dedup/pages_scanned:0
/sys/kernel/oob_dedup/sleep_millisecs:20
---
21:31:30.079539890
/sys/kernel/oob_dedup/files_queued:0
/sys/kernel/oob_dedup/pages_deduped:0
/sys/kernel/oob_dedup/pages_scanned:0
/sys/kernel/oob_dedup/sleep_millisecs:20
---
21:31:30.191254985
/sys/kernel/oob_dedup/files_queued:0
/sys/kernel/oob_dedup/pages_deduped:0
/sys/kernel/oob_dedup/pages_scanned:0
/sys/kernel/oob_dedup/sleep_millisecs:20
---
21:31:30.302988180
/sys/kernel/oob_dedup/files_queued:0
/sys/kernel/oob_dedup/pages_deduped:0
/sys/kernel/oob_dedup/pages_scanned:0
/sys/kernel/oob_dedup/sleep_millisecs:20
---
21:31:30.414818491
/sys/kernel/oob_dedup/files_queued:0
/sys/kernel/oob_dedup/pages_deduped:0
/sys/kernel/oob_dedup/pages_scanned:0
/sys/kernel/oob_dedup/sleep_millisecs:20
---
21:31:30.526487673
/sys/kernel/oob_dedup/files_queued:0
/sys/kernel/oob_dedup/pages_deduped:0
/sys/kernel/oob_dedup/pages_scanned:0
/sys/kernel/oob_dedup/sleep_millisecs:20
---
21:31:30.638246197
/sys/kernel/oob_dedup/files_queued:0
/sys/kernel/oob_dedup/pages_deduped:0
/sys/kernel/oob_dedup/pages_scanned:0
/sys/kernel/oob_dedup/sleep_millisecs:20
---
21:31:30.750218910
/sys/kernel/oob_dedup/files_queued:0
/sys/kernel/oob_dedup/pages_deduped:0
/sys/kernel/oob_dedup/pages_scanned:0
/sys/kernel/oob_dedup/sleep_millisecs:20
---
21:31:30.861945565
/sys/kernel/oob_dedup/files_queued:0
/sys/kernel/oob_dedup/pages_deduped:0
/sys/kernel/oob_dedup/pages_scanned:0
/sys/kernel/oob_dedup/sleep_millisecs:20
---
21:31:30.973442661
/sys/kernel/oob_dedup/files_queued:0
/sys/kernel/oob_dedup/pages_deduped:0
/sys/kernel/oob_dedup/pages_scanned:0
/sys/kernel/oob_dedup/sleep_millisecs:20
---
21:31:31.084958278
/sys/kernel/oob_dedup/files_queued:0
/sys/kernel/oob_dedup/pages_deduped:0
/sys/kernel/oob_dedup/pages_scanned:0
/sys/kernel/oob_dedup/sleep_millisecs:20
---
21:31:31.196446798
/sys/kernel/oob_dedup/files_queued:0
/sys/kernel/oob_dedup/pages_deduped:0
/sys/kernel/oob_dedup/pages_scanned:0
/sys/kernel/oob_dedup/sleep_millisecs:20
---
21:31:31.308884741
/sys/kernel/oob_dedup/files_queued:0
/sys/kernel/oob_dedup/pages_deduped:0
/sys/kernel/oob_dedup/pages_scanned:0
/sys/kernel/oob_dedup/sleep_millisecs:20
---
21:31:31.421146788
/sys/kernel/oob_dedup/files_queued:0
/sys/kernel/oob_dedup/pages_deduped:0
/sys/kernel/oob_dedup/pages_scanned:0
/sys/kernel/oob_dedup/sleep_millisecs:20
---
21:31:31.532680561
/sys/kernel/oob_dedup/files_queued:0
/sys/kernel/oob_dedup/pages_deduped:0
/sys/kernel/oob_dedup/pages_scanned:0
/sys/kernel/oob_dedup/sleep_millisecs:20
---
